// Jest Snapshot v1, https://goo.gl/fbAQLP

exports[`Card should render correctly 1`] = `
<button
  aria-disabled={null}
  className="sc-bczRLJ fxjpXu"
  disabled={false}
  onClick={null}
  onKeyPress={[Function]}
  type="button"
>
  <div
    className="sc-dkzDqf eUJUoo"
    disabled={false}
  >
    <div
      className="sc-hKMtZM kvlGVY"
    />
    <div
      className="sc-eCYdqJ heBWoi"
    >
      Some content
    </div>
  </div>
</button>
`;
